Archive member included to satisfy reference by file (symbol)

C:/ST/STM32CubeIDE_1.14.1/STM32CubeIDE/plugins/com.st.stm32cube.ide.mcu.externaltools.gnu-tools-for-stm32.11.3.rel1.win32_1.1.100.202309141235/tools/bin/../lib/gcc/arm-none-eabi/11.3.1/../../../../arm-none-eabi/lib/thumb/v7e-m/nofp\libc_nano.a(libc_a-exit.o)
                              C:/ST/STM32CubeIDE_1.14.1/STM32CubeIDE/plugins/com.st.stm32cube.ide.mcu.externaltools.gnu-tools-for-stm32.11.3.rel1.win32_1.1.100.202309141235/tools/bin/../lib/gcc/arm-none-eabi/11.3.1/../../../../arm-none-eabi/lib/thumb/v7e-m/nofp/crt0.o (exit)
C:/ST/STM32CubeIDE_1.14.1/STM32CubeIDE/plugins/com.st.stm32cube.ide.mcu.externaltools.gnu-tools-for-stm32.11.3.rel1.win32_1.1.100.202309141235/tools/bin/../lib/gcc/arm-none-eabi/11.3.1/../../../../arm-none-eabi/lib/thumb/v7e-m/nofp\libc_nano.a(libc_a-findfp.o)
                              C:/ST/STM32CubeIDE_1.14.1/STM32CubeIDE/plugins/com.st.stm32cube.ide.mcu.externaltools.gnu-tools-for-stm32.11.3.rel1.win32_1.1.100.202309141235/tools/bin/../lib/gcc/arm-none-eabi/11.3.1/../../../../arm-none-eabi/lib/thumb/v7e-m/nofp\libc_nano.a(libc_a-exit.o) (__stdio_exit_handler)
C:/ST/STM32CubeIDE_1.14.1/STM32CubeIDE/plugins/com.st.stm32cube.ide.mcu.externaltools.gnu-tools-for-stm32.11.3.rel1.win32_1.1.100.202309141235/tools/bin/../lib/gcc/arm-none-eabi/11.3.1/../../../../arm-none-eabi/lib/thumb/v7e-m/nofp\libc_nano.a(libc_a-fwalk.o)
                              C:/ST/STM32CubeIDE_1.14.1/STM32CubeIDE/plugins/com.st.stm32cube.ide.mcu.externaltools.gnu-tools-for-stm32.11.3.rel1.win32_1.1.100.202309141235/tools/bin/../lib/gcc/arm-none-eabi/11.3.1/../../../../arm-none-eabi/lib/thumb/v7e-m/nofp\libc_nano.a(libc_a-findfp.o) (_fwalk_sglue)
C:/ST/STM32CubeIDE_1.14.1/STM32CubeIDE/plugins/com.st.stm32cube.ide.mcu.externaltools.gnu-tools-for-stm32.11.3.rel1.win32_1.1.100.202309141235/tools/bin/../lib/gcc/arm-none-eabi/11.3.1/../../../../arm-none-eabi/lib/thumb/v7e-m/nofp\libc_nano.a(libc_a-stdio.o)
                              C:/ST/STM32CubeIDE_1.14.1/STM32CubeIDE/plugins/com.st.stm32cube.ide.mcu.externaltools.gnu-tools-for-stm32.11.3.rel1.win32_1.1.100.202309141235/tools/bin/../lib/gcc/arm-none-eabi/11.3.1/../../../../arm-none-eabi/lib/thumb/v7e-m/nofp\libc_nano.a(libc_a-findfp.o) (__sread)
C:/ST/STM32CubeIDE_1.14.1/STM32CubeIDE/plugins/com.st.stm32cube.ide.mcu.externaltools.gnu-tools-for-stm32.11.3.rel1.win32_1.1.100.202309141235/tools/bin/../lib/gcc/arm-none-eabi/11.3.1/../../../../arm-none-eabi/lib/thumb/v7e-m/nofp\libc_nano.a(libc_a-memset.o)
                              C:/ST/STM32CubeIDE_1.14.1/STM32CubeIDE/plugins/com.st.stm32cube.ide.mcu.externaltools.gnu-tools-for-stm32.11.3.rel1.win32_1.1.100.202309141235/tools/bin/../lib/gcc/arm-none-eabi/11.3.1/../../../../arm-none-eabi/lib/thumb/v7e-m/nofp/crt0.o (memset)
C:/ST/STM32CubeIDE_1.14.1/STM32CubeIDE/plugins/com.st.stm32cube.ide.mcu.externaltools.gnu-tools-for-stm32.11.3.rel1.win32_1.1.100.202309141235/tools/bin/../lib/gcc/arm-none-eabi/11.3.1/../../../../arm-none-eabi/lib/thumb/v7e-m/nofp\libc_nano.a(libc_a-closer.o)
                              C:/ST/STM32CubeIDE_1.14.1/STM32CubeIDE/plugins/com.st.stm32cube.ide.mcu.externaltools.gnu-tools-for-stm32.11.3.rel1.win32_1.1.100.202309141235/tools/bin/../lib/gcc/arm-none-eabi/11.3.1/../../../../arm-none-eabi/lib/thumb/v7e-m/nofp\libc_nano.a(libc_a-stdio.o) (_close_r)
C:/ST/STM32CubeIDE_1.14.1/STM32CubeIDE/plugins/com.st.stm32cube.ide.mcu.externaltools.gnu-tools-for-stm32.11.3.rel1.win32_1.1.100.202309141235/tools/bin/../lib/gcc/arm-none-eabi/11.3.1/../../../../arm-none-eabi/lib/thumb/v7e-m/nofp\libc_nano.a(libc_a-reent.o)
                              C:/ST/STM32CubeIDE_1.14.1/STM32CubeIDE/plugins/com.st.stm32cube.ide.mcu.externaltools.gnu-tools-for-stm32.11.3.rel1.win32_1.1.100.202309141235/tools/bin/../lib/gcc/arm-none-eabi/11.3.1/../../../../arm-none-eabi/lib/thumb/v7e-m/nofp\libc_nano.a(libc_a-closer.o) (errno)
C:/ST/STM32CubeIDE_1.14.1/STM32CubeIDE/plugins/com.st.stm32cube.ide.mcu.externaltools.gnu-tools-for-stm32.11.3.rel1.win32_1.1.100.202309141235/tools/bin/../lib/gcc/arm-none-eabi/11.3.1/../../../../arm-none-eabi/lib/thumb/v7e-m/nofp\libc_nano.a(libc_a-impure.o)
                              C:/ST/STM32CubeIDE_1.14.1/STM32CubeIDE/plugins/com.st.stm32cube.ide.mcu.externaltools.gnu-tools-for-stm32.11.3.rel1.win32_1.1.100.202309141235/tools/bin/../lib/gcc/arm-none-eabi/11.3.1/../../../../arm-none-eabi/lib/thumb/v7e-m/nofp\libc_nano.a(libc_a-reent.o) (_impure_ptr)
C:/ST/STM32CubeIDE_1.14.1/STM32CubeIDE/plugins/com.st.stm32cube.ide.mcu.externaltools.gnu-tools-for-stm32.11.3.rel1.win32_1.1.100.202309141235/tools/bin/../lib/gcc/arm-none-eabi/11.3.1/../../../../arm-none-eabi/lib/thumb/v7e-m/nofp\libc_nano.a(libc_a-lseekr.o)
[...]
Memory Configuration

Name             Origin             Length             Attributes
CCMRAM           0x0000000010000000 0x0000000000010000 xrw
RAM              0x0000000020000000 0x0000000000020000 xrw
FLASH            0x0000000008000000 0x0000000000100000 xr
*default*        0x0000000000000000 0xffffffffffffffff

Linker script and memory map

LOAD C:/ST/STM32CubeIDE_1.14.1/STM32CubeIDE/plugins/com.st.stm32cube.ide.mcu.externaltools.gnu-tools-for-stm32.11.3.rel1.win32_1.1.100.202309141235/tools/bin/../lib/gcc/arm-none-eabi/11.3.1/thumb/v7e-m/nofp/crti.o
LOAD C:/ST/STM32CubeIDE_1.14.1/STM32CubeIDE/plugins/com.st.stm32cube.ide.mcu.externaltools.gnu-tools-for-stm32.11.3.rel1.win32_1.1.100.202309141235/tools/bin/../lib/gcc/arm-none-eabi/11.3.1/thumb/v7e-m/nofp/crtbegin.o
LOAD C:/ST/STM32CubeIDE_1.14.1/STM32CubeIDE/plugins/com.st.stm32cube.ide.mcu.externaltools.gnu-tools-for-stm32.11.3.rel1.win32_1.1.100.202309141235/tools/bin/../lib/gcc/arm-none-eabi/11.3.1/../../../../arm-none-eabi/lib/thumb/v7e-m/nofp/crt0.o
LOAD ./Src/USART_Test_main.o
LOAD ./Src/syscalls.o
LOAD ./Src/sysmem.o
LOAD ./Startup/startup_stm32f407vgtx.o
LOAD ./myDrivers/Src/EXTI.o
LOAD ./myDrivers/Src/GPIO.o
LOAD ./myDrivers/Src/RCC.o
LOAD ./myDrivers/Src/SPI.o
LOAD ./myDrivers/Src/USART.o
START GROUP
LOAD C:/ST/STM32CubeIDE_1.14.1/STM32CubeIDE/plugins/com.st.stm32cube.ide.mcu.externaltools.gnu-tools-for-stm32.11.3.rel1.win32_1.1.100.202309141235/tools/bin/../lib/gcc/arm-none-eabi/11.3.1/../../../../arm-none-eabi/lib/thumb/v7e-m/nofp\libc_nano.a
LOAD C:/ST/STM32CubeIDE_1.14.1/STM32CubeIDE/plugins/com.st.stm32cube.ide.mcu.externaltools.gnu-tools-for-stm32.11.3.rel1.win32_1.1.100.202309141235/tools/bin/../lib/gcc/arm-none-eabi/11.3.1/../../../../arm-none-eabi/lib/thumb/v7e-m/nofp\libm.a
END GROUP
START GROUP
LOAD C:/ST/STM32CubeIDE_1.14.1/STM32CubeIDE/plugins/com.st.stm32cube.ide.mcu.externaltools.gnu-tools-for-stm32.11.3.rel1.win32_1.1.100.202309141235/tools/bin/../lib/gcc/arm-none-eabi/11.3.1/thumb/v7e-m/nofp\libgcc.a
LOAD C:/ST/STM32CubeIDE_1.14.1/STM32CubeIDE/plugins/com.st.stm32cube.ide.mcu.externaltools.gnu-tools-for-stm32.11.3.rel1.win32_1.1.100.202309141235/tools/bin/../lib/gcc/arm-none-eabi/11.3.1/../../../../arm-none-eabi/lib/thumb/v7e-m/nofp\libc_nano.a
END GROUP
START GROUP
LOAD C:/ST/STM32CubeIDE_1.14.1/STM32CubeIDE/plugins/com.st.stm32cube.ide.mcu.externaltools.gnu-tools-for-stm32.11.3.rel1.win32_1.1.100.202309141235/tools/bin/../lib/gcc/arm-none-eabi/11.3.1/thumb/v7e-m/nofp\libgcc.a
LOAD C:/ST/STM32CubeIDE_1.14.1/STM32CubeIDE/plugins/com.st.stm32cube.ide.mcu.externaltools.gnu-tools-for-stm32.11.3.rel1.win32_1.1.100.202309141235/tools/bin/../lib/gcc/arm-none-eabi/11.3.1/../../../../arm-none-eabi/lib/thumb/v7e-m/nofp\libc_nano.a
LOAD C:/ST/STM32CubeIDE_1.14.1/STM32CubeIDE/plugins/com.st.stm32cube.ide.mcu.externaltools.gnu-tools-for-stm32.11.3.rel1.win32_1.1.100.202309141235/tools/bin/../lib/gcc/arm-none-eabi/11.3.1/../../../../arm-none-eabi/lib/thumb/v7e-m/nofp\libnosys.a
END GROUP
START GROUP
LOAD C:/ST/STM32CubeIDE_1.14.1/STM32CubeIDE/plugins/com.st.stm32cube.ide.mcu.externaltools.gnu-tools-for-stm32.11.3.rel1.win32_1.1.100.202309141235/tools/bin/../lib/gcc/arm-none-eabi/11.3.1/thumb/v7e-m/nofp\libgcc.a
LOAD C:/ST/STM32CubeIDE_1.14.1/STM32CubeIDE/plugins/com.st.stm32cube.ide.mcu.externaltools.gnu-tools-for-stm32.11.3.rel1.win32_1.1.100.202309141235/tools/bin/../lib/gcc/arm-none-eabi/11.3.1/../../../../arm-none-eabi/lib/thumb/v7e-m/nofp\libc_nano.a
LOAD C:/ST/STM32CubeIDE_1.14.1/STM32CubeIDE/plugins/com.st.stm32cube.ide.mcu.externaltools.gnu-tools-for-stm32.11.3.rel1.win32_1.1.100.202309141235/tools/bin/../lib/gcc/arm-none-eabi/11.3.1/../../../../arm-none-eabi/lib/thumb/v7e-m/nofp\libnosys.a
END GROUP
LOAD C:/ST/STM32CubeIDE_1.14.1/STM32CubeIDE/plugins/com.st.stm32cube.ide.mcu.externaltools.gnu-tools-for-stm32.11.3.rel1.win32_1.1.100.202309141235/tools/bin/../lib/gcc/arm-none-eabi/11.3.1/thumb/v7e-m/nofp/crtend.o
LOAD C:/ST/STM32CubeIDE_1.14.1/STM32CubeIDE/plugins/com.st.stm32cube.ide.mcu.externaltools.gnu-tools-for-stm32.11.3.rel1.win32_1.1.100.202309141235/tools/bin/../lib/gcc/arm-none-eabi/11.3.1/thumb/v7e-m/nofp/crtn.o
                0x0000000020020000                _estack = (ORIGIN (RAM) + LENGTH (RAM))
                0x0000000000000200                _Min_Heap_Size = 0x200
                0x0000000000000400                _Min_Stack_Size = 0x400

.isr_vector     0x0000000008000000      0x188
                0x0000000008000000                . = ALIGN (0x4)
 *(.isr_vector)
 .isr_vector    0x0000000008000000      0x188 ./Startup/startup_stm32f407vgtx.o
                0x0000000008000000                g_pfnVectors
                0x0000000008000188                . = ALIGN (0x4)

.text           0x0000000008000188      0xa78
                0x0000000008000188                . = ALIGN (0x4)
 *(.text)
 .text          0x0000000008000188       0x40 C:/ST/STM32CubeIDE_1.14.1/STM32CubeIDE/plugins/com.st.stm32cube.ide.mcu.externaltools.gnu-tools-for-stm32.11.3.rel1.win32_1.1.100.202309141235/tools/bin/../lib/gcc/arm-none-eabi/11.3.1/thumb/v7e-m/nofp/crtbegin.o
 .text          0x00000000080001c8       0x10 C:/ST/STM32CubeIDE_1.14.1/STM32CubeIDE/plugins/com.st.stm32cube.ide.mcu.externaltools.gnu-tools-for-stm32.11.3.rel1.win32_1.1.100.202309141235/tools/bin/../lib/gcc/arm-none-eabi/11.3.1/../../../../arm-none-eabi/lib/thumb/v7e-m/nofp\libc_nano.a(libc_a-strlen.o)
                0x00000000080001c8                strlen
 *(.text*)
 .text.USART2_IRQHandler
                0x00000000080001d8       0x28 ./Src/USART_Test_main.o
                0x00000000080001d8                USART2_IRQHandler
 .text.main     0x0000000008000200       0x54 ./Src/USART_Test_main.o
                0x0000000008000200                main
 .text.UART_Config
                0x0000000008000254       0x80 ./Src/USART_Test_main.o
 .text.GPIO_Config
                0x00000000080002d4       0x68 ./Src/USART_Test_main.o
 .text.Reset_Handler
                0x000000000800033c       0x50 ./Startup/startup_stm32f407vgtx.o
                0x000000000800033c                Reset_Handler
 .text.Default_Handler
                0x000000000800038c        0x2 ./Startup/startup_stm32f407vgtx.o
                0x000000000800038c                RTC_Alarm_IRQHandler
                0x000000000800038c                HASH_RNG_IRQHandler
                0x000000000800038c                EXTI2_IRQHandler
                0x000000000800038c                TIM8_CC_IRQHandler
                0x000000000800038c                DebugMon_Handler
                0x000000000800038c                TIM1_CC_IRQHandler
                0x000000000800038c                DMA2_Stream5_IRQHandler
                0x000000000800038c                HardFault_Handler
                0x000000000800038c                DMA1_Stream5_IRQHandler
                0x000000000800038c                SysTick_Handler
                0x000000000800038c                PVD_IRQHandler
                0x000000000800038c                SDIO_IRQHandler
                0x000000000800038c                TAMP_STAMP_IRQHandler
                0x000000000800038c                PendSV_Handler
                0x000000000800038c                NMI_Handler
                0x000000000800038c                CAN2_RX1_IRQHandler
                0x000000000800038c                EXTI3_IRQHandler
                0x000000000800038c                TIM8_TRG_COM_TIM14_IRQHandler
                0x000000000800038c                TIM1_UP_TIM10_IRQHandler
                0x000000000800038c                TIM8_UP_TIM13_IRQHandler
                0x000000000800038c                I2C3_ER_IRQHandler
                0x000000000800038c                EXTI0_IRQHandler
                0x000000000800038c                I2C2_EV_IRQHandler
                0x000000000800038c                DMA1_Stream2_IRQHandler
                0x000000000800038c                CAN1_RX0_IRQHandler
                0x000000000800038c                FPU_IRQHandler
                0x000000000800038c                OTG_HS_WKUP_IRQHandler
                0x000000000800038c                UsageFault_Handler
                0x000000000800038c                CAN2_SCE_IRQHandler
                0x000000000800038c                DMA2_Stream2_IRQHandler
                0x000000000800038c                SPI1_IRQHandler
                0x000000000800038c                TIM6_DAC_IRQHandler
                0x000000000800038c                TIM1_BRK_TIM9_IRQHandler
                0x000000000800038c                DCMI_IRQHandler
                0x000000000800038c                CAN2_RX0_IRQHandler
                0x000000000800038c                DMA2_Stream3_IRQHandler
                0x000000000800038c                USART6_IRQHandler
                0x000000000800038c                USART3_IRQHandler
                0x000000000800038c                CRYP_IRQHandler
                0x000000000800038c                CAN1_RX1_IRQHandler
                0x000000000800038c                UART5_IRQHandler
                0x000000000800038c                DMA2_Stream0_IRQHandler
                0x000000000800038c                TIM4_IRQHandler
                0x000000000800038c                I2C1_EV_IRQHandler
                0x000000000800038c                DMA1_Stream6_IRQHandler
                0x000000000800038c                DMA1_Stream1_IRQHandler
                0x000000000800038c                UART4_IRQHandler
                0x000000000800038c                TIM3_IRQHandler
                0x000000000800038c                RCC_IRQHandler
                0x000000000800038c                TIM8_BRK_TIM12_IRQHandler
                0x000000000800038c                Default_Handler
                0x000000000800038c                EXTI15_10_IRQHandler
                0x000000000800038c                ADC_IRQHandler
                0x000000000800038c                DMA1_Stream7_IRQHandler
                0x000000000800038c                TIM7_IRQHandler
                0x000000000800038c                CAN2_TX_IRQHandler
                0x000000000800038c                TIM5_IRQHandler
                0x000000000800038c                DMA2_Stream7_IRQHandler
                0x000000000800038c                I2C3_EV_IRQHandler
                0x000000000800038c                EXTI9_5_IRQHandler
                0x000000000800038c                RTC_WKUP_IRQHandler
                0x000000000800038c                ETH_WKUP_IRQHandler
                0x000000000800038c                SPI2_IRQHandler
                0x000000000800038c                OTG_HS_EP1_IN_IRQHandler
                0x000000000800038c                MemManage_Handler
                0x000000000800038c                DMA1_Stream0_IRQHandler
                0x000000000800038c                CAN1_TX_IRQHandler
                0x000000000800038c                SVC_Handler
                0x000000000800038c                EXTI4_IRQHandler
                0x000000000800038c                FSMC_IRQHandler
                0x000000000800038c                ETH_IRQHandler
                0x000000000800038c                OTG_HS_EP1_OUT_IRQHandler
                0x000000000800038c                WWDG_IRQHandler
                0x000000000800038c                TIM2_IRQHandler
                0x000000000800038c                OTG_FS_WKUP_IRQHandler
                0x000000000800038c                TIM1_TRG_COM_TIM11_IRQHandler
                0x000000000800038c                OTG_HS_IRQHandler
                0x000000000800038c                EXTI1_IRQHandler
                0x000000000800038c                I2C2_ER_IRQHandler
                0x000000000800038c                DMA2_Stream1_IRQHandler
                0x000000000800038c                CAN1_SCE_IRQHandler
                0x000000000800038c                DMA2_Stream4_IRQHandler
                0x000000000800038c                BusFault_Handler
                0x000000000800038c                USART1_IRQHandler
                0x000000000800038c                OTG_FS_IRQHandler
                0x000000000800038c                SPI3_IRQHandler
                0x000000000800038c                DMA1_Stream4_IRQHandler
                0x000000000800038c                I2C1_ER_IRQHandler
                0x000000000800038c                DMA2_Stream6_IRQHandler
                0x000000000800038c                DMA1_Stream3_IRQHandler
 .text.NVIC_EnableInterrupt
                0x000000000800038e       0x66 ./myDrivers/Src/EXTI.o
                0x000000000800038e                NVIC_EnableInterrupt
 .text.GPIO_Init
                0x00000000080003f4      0x16c ./myDrivers/Src/GPIO.o
                0x00000000080003f4                GPIO_Init
 .text.RCC_GetSystemClock
                0x0000000008000560       0x50 ./myDrivers/Src/RCC.o
                0x0000000008000560                RCC_GetSystemClock
 .text.RCC_GetHClock
                0x00000000080005b0       0x50 ./myDrivers/Src/RCC.o
                0x00000000080005b0                RCC_GetHClock
 .text.RCC_GetPClock1
                0x0000000008000600       0x50 ./myDrivers/Src/RCC.o
                0x0000000008000600                RCC_GetPClock1
 .text.RCC_GetPClock2
                0x0000000008000650       0x50 ./myDrivers/Src/RCC.o
                0x0000000008000650                RCC_GetPClock2
 .text.closeUSART_Tx_ISR
                0x00000000080006a0       0x36 ./myDrivers/Src/USART.o
 .text.closeUSART_Rx_ISR
                0x00000000080006d6       0x36 ./myDrivers/Src/USART.o
 .text.USART_SendWith_IT
                0x000000000800070c       0x8e ./myDrivers/Src/USART.o
 .text.USART_ReceiveWith_IT
                0x000000000800079a      0x122 ./myDrivers/Src/USART.o
 .text.USART_Init
                0x00000000080008bc      0x178 ./myDrivers/Src/USART.o
                0x00000000080008bc                USART_Init
 .text.USART_PeriphCmd
                0x0000000008000a34       0x3a ./myDrivers/Src/USART.o
                0x0000000008000a34                USART_PeriphCmd
 *fill*         0x0000000008000a6e        0x2 
 .text.USART_TransmitData_IT
                0x0000000008000a70       0x58 ./myDrivers/Src/USART.o
                0x0000000008000a70                USART_TransmitData_IT
 .text.USART_ReceiveData_IT
                0x0000000008000ac8       0x58 ./myDrivers/Src/USART.o
                0x0000000008000ac8                USART_ReceiveData_IT
 .text.USART_InterruptHandler
                0x0000000008000b20       0x80 ./myDrivers/Src/USART.o
                0x0000000008000b20                USART_InterruptHandler
 .text.__libc_init_array
                0x0000000008000ba0       0x48 C:/ST/STM32CubeIDE_1.14.1/STM32CubeIDE/plugins/com.st.stm32cube.ide.mcu.externaltools.gnu-tools-for-stm32.11.3.rel1.win32_1.1.100.202309141235/tools/bin/../lib/gcc/arm-none-eabi/11.3.1/../../../../arm-none-eabi/lib/thumb/v7e-m/nofp\libc_nano.a(libc_a-init.o)
                0x0000000008000ba0                __libc_init_array
 *(.glue_7)
 .glue_7        0x0000000008000be8        0x0 linker stubs
 *(.glue_7t)
 .glue_7t       0x0000000008000be8        0x0 linker stubs
 *(.eh_frame)
 .eh_frame      0x0000000008000be8        0x0 C:/ST/STM32CubeIDE_1.14.1/STM32CubeIDE/plugins/com.st.stm32cube.ide.mcu.externaltools.gnu-tools-for-stm32.11.3.rel1.win32_1.1.100.202309141235/tools/bin/../lib/gcc/arm-none-eabi/11.3.1/thumb/v7e-m/nofp/crtbegin.o
 *(.init)
 .init          0x0000000008000be8        0x4 C:/ST/STM32CubeIDE_1.14.1/STM32CubeIDE/plugins/com.st.stm32cube.ide.mcu.externaltools.gnu-tools-for-stm32.11.3.rel1.win32_1.1.100.202309141235/tools/bin/../lib/gcc/arm-none-eabi/11.3.1/thumb/v7e-m/nofp/crti.o
                0x0000000008000be8                _init
 .init          0x0000000008000bec        0x8 C:/ST/STM32CubeIDE_1.14.1/STM32CubeIDE/plugins/com.st.stm32cube.ide.mcu.externaltools.gnu-tools-for-stm32.11.3.rel1.win32_1.1.100.202309141235/tools/bin/../lib/gcc/arm-none-eabi/11.3.1/thumb/v7e-m/nofp/crtn.o
 *(.fini)
 .fini          0x0000000008000bf4        0x4 C:/ST/STM32CubeIDE_1.14.1/STM32CubeIDE/plugins/com.st.stm32cube.ide.mcu.externaltools.gnu-tools-for-stm32.11.3.rel1.win32_1.1.100.202309141235/tools/bin/../lib/gcc/arm-none-eabi/11.3.1/thumb/v7e-m/nofp/crti.o
                0x0000000008000bf4                _fini
 .fini          0x0000000008000bf8        0x8 C:/ST/STM32CubeIDE_1.14.1/STM32CubeIDE/plugins/com.st.stm32cube.ide.mcu.externaltools.gnu-tools-for-stm32.11.3.rel1.win32_1.1.100.202309141235/tools/bin/../lib/gcc/arm-none-eabi/11.3.1/thumb/v7e-m/nofp/crtn.o
                0x0000000008000c00                . = ALIGN (0x4)
                0x0000000008000c00                _etext = .

.vfp11_veneer   0x0000000008000c00        0x0
 .vfp11_veneer  0x0000000008000c00        0x0 linker stubs

.v4_bx          0x0000000008000c00        0x0
 .v4_bx         0x0000000008000c00        0x0 linker stubs

.iplt           0x0000000008000c00        0x0
 .iplt          0x0000000008000c00        0x0 C:/ST/STM32CubeIDE_1.14.1/STM32CubeIDE/plugins/com.st.stm32cube.ide.mcu.externaltools.gnu-tools-for-stm32.11.3.rel1.win32_1.1.100.202309141235/tools/bin/../lib/gcc/arm-none-eabi/11.3.1/thumb/v7e-m/nofp/crtbegin.o

.rodata         0x0000000008000c00       0x1c
                0x0000000008000c00                . = ALIGN (0x4)
 *(.rodata)
 *(.rodata*)
 .rodata.AHB_Prescaler
                0x0000000008000c00       0x11 ./myDrivers/Src/RCC.o
                0x0000000008000c00                AHB_Prescaler
 *fill*         0x0000000008000c11        0x3 
 .rodata.APB_Prescaler
                0x0000000008000c14        0x8 ./myDrivers/Src/RCC.o
                0x0000000008000c14                APB_Prescaler
                0x0000000008000c1c                . = ALIGN (0x4)

.rel.dyn        0x0000000008000c1c        0x0
 .rel.iplt      0x0000000008000c1c        0x0 C:/ST/STM32CubeIDE_1.14.1/STM32CubeIDE/plugins/com.st.stm32cube.ide.mcu.externaltools.gnu-tools-for-stm32.11.3.rel1.win32_1.1.100.202309141235/tools/bin/../lib/gcc/arm-none-eabi/11.3.1/thumb/v7e-m/nofp/crtbegin.o

.ARM.extab      0x0000000008000c1c        0x0
                0x0000000008000c1c                . = ALIGN (0x4)
 *(.ARM.extab* .gnu.linkonce.armextab.*)
                0x0000000008000c1c                . = ALIGN (0x4)

.ARM            0x0000000008000c1c        0x0
                0x0000000008000c1c                . = ALIGN (0x4)
                0x0000000008000c1c                __exidx_start = .
 *(.ARM.exidx*)
                0x0000000008000c1c                __exidx_end = .
                0x0000000008000c1c                . = ALIGN (0x4)

.preinit_array  0x0000000008000c1c        0x0
                0x0000000008000c1c                . = ALIGN (0x4)
                0x0000000008000c1c                PROVIDE (__preinit_array_start = .)
 *(.preinit_array*)
                0x0000000008000c1c                PROVIDE (__preinit_array_end = .)
                0x0000000008000c1c                . = ALIGN (0x4)

.init_array     0x0000000008000c1c        0x4
                0x0000000008000c1c                . = ALIGN (0x4)
                0x0000000008000c1c                PROVIDE (__init_array_start = .)
 *(SORT_BY_NAME(.init_array.*))
 *(.init_array*)
 .init_array    0x0000000008000c1c        0x4 C:/ST/STM32CubeIDE_1.14.1/STM32CubeIDE/plugins/com.st.stm32cube.ide.mcu.externaltools.gnu-tools-for-stm32.11.3.rel1.win32_1.1.100.202309141235/tools/bin/../lib/gcc/arm-none-eabi/11.3.1/thumb/v7e-m/nofp/crtbegin.o
                0x0000000008000c20                PROVIDE (__init_array_end = .)
                0x0000000008000c20                . = ALIGN (0x4)

.fini_array     0x0000000008000c20        0x4
                0x0000000008000c20                . = ALIGN (0x4)
                [!provide]                        PROVIDE (__fini_array_start = .)
 *(SORT_BY_NAME(.fini_array.*))
 *(.fini_array*)
 .fini_array    0x0000000008000c20        0x4 C:/ST/STM32CubeIDE_1.14.1/STM32CubeIDE/plugins/com.st.stm32cube.ide.mcu.externaltools.gnu-tools-for-stm32.11.3.rel1.win32_1.1.100.202309141235/tools/bin/../lib/gcc/arm-none-eabi/11.3.1/thumb/v7e-m/nofp/crtbegin.o
                [!provide]                        PROVIDE (__fini_array_end = .)
                0x0000000008000c24                . = ALIGN (0x4)
                0x0000000008000c24                _sidata = LOADADDR (.data)

.data           0x0000000020000000        0x0 load address 0x0000000008000c24
                0x0000000020000000                . = ALIGN (0x4)
                0x0000000020000000                _sdata = .
 *(.data)
 *(.data*)
 *(.RamFunc)
 *(.RamFunc*)
                0x0000000020000000                . = ALIGN (0x4)
                0x0000000020000000                _edata = .
                0x0000000008000c24                _siccmram = LOADADDR (.ccmram)

.igot.plt       0x0000000020000000        0x0 load address 0x0000000008000c24
 .igot.plt      0x0000000020000000        0x0 C:/ST/STM32CubeIDE_1.14.1/STM32CubeIDE/plugins/com.st.stm32cube.ide.mcu.externaltools.gnu-tools-for-stm32.11.3.rel1.win32_1.1.100.202309141235/tools/bin/../lib/gcc/arm-none-eabi/11.3.1/thumb/v7e-m/nofp/crtbegin.o

.ccmram         0x0000000010000000        0x0 load address 0x0000000008000c24
                0x0000000010000000                . = ALIGN (0x4)
                0x0000000010000000                _sccmram = .
 *(.ccmram)
 *(.ccmram*)
                0x0000000010000000                . = ALIGN (0x4)
                0x0000000010000000                _eccmram = .
                0x0000000010000000                . = ALIGN (0x4)

.bss            0x0000000020000000       0x58
                0x0000000020000000                _sbss = .
                0x0000000020000000                __bss_start__ = _sbss
 *(.bss)
 .bss           0x0000000020000000       0x1c C:/ST/STM32CubeIDE_1.14.1/STM32CubeIDE/plugins/com.st.stm32cube.ide.mcu.externaltools.gnu-tools-for-stm32.11.3.rel1.win32_1.1.100.202309141235/tools/bin/../lib/gcc/arm-none-eabi/11.3.1/thumb/v7e-m/nofp/crtbegin.o
 *(.bss*)
 .bss.USART_Handle
                0x000000002000001c       0x38 ./Src/USART_Test_main.o
                0x000000002000001c                USART_Handle
 .bss.rxCompleteFlag
                0x0000000020000054        0x1 ./Src/USART_Test_main.o
                0x0000000020000054                rxCompleteFlag
 *(COMMON)
                0x0000000020000058                . = ALIGN (0x4)
 *fill*         0x0000000020000055        0x3 
                0x0000000020000058                _ebss = .
                0x0000000020000058                __bss_end__ = _ebss

._user_heap_stack
                0x0000000020000058      0x600
                0x0000000020000058                . = ALIGN (0x8)
                [!provide]                        PROVIDE (end = .)
                0x0000000020000058                PROVIDE (_end = .)
                0x0000000020000258                . = (. + _Min_Heap_Size)
 *fill*         0x0000000020000058      0x200 
                0x0000000020000658                . = (. + _Min_Stack_Size)
 *fill*         0x0000000020000258      0x400 
                0x0000000020000658                . = ALIGN (0x8)

/DISCARD/
 libc.a(*)
 libm.a(*)
 libgcc.a(*)

.ARM.attributes
                0x0000000000000000       0x2a
 *(.ARM.attributes)
 .ARM.attributes
                0x0000000000000000       0x1e C:/ST/STM32CubeIDE_1.14.1/STM32CubeIDE/plugins/com.st.stm32cube.ide.mcu.externaltools.gnu-tools-for-stm32.11.3.rel1.win32_1.1.100.202309141235/tools/bin/../lib/gcc/arm-none-eabi/11.3.1/thumb/v7e-m/nofp/crti.o
 .ARM.attributes
                0x000000000000001e       0x2e C:/ST/STM32CubeIDE_1.14.1/STM32CubeIDE/plugins/com.st.stm32cube.ide.mcu.externaltools.gnu-tools-for-stm32.11.3.rel1.win32_1.1.100.202309141235/tools/bin/../lib/gcc/arm-none-eabi/11.3.1/thumb/v7e-m/nofp/crtbegin.o
 .ARM.attributes
                0x000000000000004c       0x2e ./Src/USART_Test_main.o
 .ARM.attributes
                0x000000000000007a       0x21 ./Startup/startup_stm32f407vgtx.o
 .ARM.attributes
                0x000000000000009b       0x2e ./myDrivers/Src/EXTI.o
 .ARM.attributes
                0x00000000000000c9       0x2e ./myDrivers/Src/GPIO.o
 .ARM.attributes
                0x00000000000000f7       0x2e ./myDrivers/Src/RCC.o
 .ARM.attributes
                0x0000000000000125       0x2e ./myDrivers/Src/USART.o
 .ARM.attributes
                0x0000000000000153       0x2e C:/ST/STM32CubeIDE_1.14.1/STM32CubeIDE/plugins/com.st.stm32cube.ide.mcu.externaltools.gnu-tools-for-stm32.11.3.rel1.win32_1.1.100.202309141235/tools/bin/../lib/gcc/arm-none-eabi/11.3.1/../../../../arm-none-eabi/lib/thumb/v7e-m/nofp\libc_nano.a(libc_a-init.o)
 .ARM.attributes
                0x0000000000000181       0x17 C:/ST/STM32CubeIDE_1.14.1/STM32CubeIDE/plugins/com.st.stm32cube.ide.mcu.externaltools.gnu-tools-for-stm32.11.3.rel1.win32_1.1.100.202309141235/tools/bin/../lib/gcc/arm-none-eabi/11.3.1/../../../../arm-none-eabi/lib/thumb/v7e-m/nofp\libc_nano.a(libc_a-strlen.o)
 .ARM.attributes
                0x0000000000000198       0x1e C:/ST/STM32CubeIDE_1.14.1/STM32CubeIDE/plugins/com.st.stm32cube.ide.mcu.externaltools.gnu-tools-for-stm32.11.3.rel1.win32_1.1.100.202309141235/tools/bin/../lib/gcc/arm-none-eabi/11.3.1/thumb/v7e-m/nofp/crtn.o
OUTPUT(driverDevelopment.elf elf32-littlearm)
LOAD linker stubs
LOAD C:/ST/STM32CubeIDE_1.14.1/STM32CubeIDE/plugins/com.st.stm32cube.ide.mcu.externaltools.gnu-tools-for-stm32.11.3.rel1.win32_1.1.100.202309141235/tools/bin/../lib/gcc/arm-none-eabi/11.3.1/../../../../arm-none-eabi/lib/thumb/v7e-m/nofp\libc.a
LOAD C:/ST/STM32CubeIDE_1.14.1/STM32CubeIDE/plugins/com.st.stm32cube.ide.mcu.externaltools.gnu-tools-for-stm32.11.3.rel1.win32_1.1.100.202309141235/tools/bin/../lib/gcc/arm-none-eabi/11.3.1/../../../../arm-none-eabi/lib/thumb/v7e-m/nofp\libm.a
LOAD C:/ST/STM32CubeIDE_1.14.1/STM32CubeIDE/plugins/com.st.stm32cube.ide.mcu.externaltools.gnu-tools-for-stm32.11.3.rel1.win32_1.1.100.202309141235/tools/bin/../lib/gcc/arm-none-eabi/11.3.1/thumb/v7e-m/nofp\libgcc.a

.comment        0x0000000000000000       0x43
 .comment       0x0000000000000000       0x43 C:/ST/STM32CubeIDE_1.14.1/STM32CubeIDE/plugins/com.st.stm32cube.ide.mcu.externaltools.gnu-tools-for-stm32.11.3.rel1.win32_1.1.100.202309141235/tools/bin/../lib/gcc/arm-none-eabi/11.3.1/thumb/v7e-m/nofp/crtbegin.o
                                         0x44 (size before relaxing)
 .comment       0x0000000000000043       0x44 ./Src/USART_Test_main.o
 .comment       0x0000000000000043       0x44 ./myDrivers/Src/EXTI.o
 .comment       0x0000000000000043       0x44 ./myDrivers/Src/GPIO.o
 .comment       0x0000000000000043       0x44 ./myDrivers/Src/RCC.o
 .comment       0x0000000000000043       0x44 ./myDrivers/Src/USART.o

.debug_info     0x0000000000000000     0x170d
 .debug_info    0x0000000000000000      0x724 ./Src/USART_Test_main.o
 .debug_info    0x0000000000000724       0x23 ./Startup/startup_stm32f407vgtx.o
 .debug_info    0x0000000000000747      0x2b5 ./myDrivers/Src/EXTI.o
 .debug_info    0x00000000000009fc      0x3a1 ./myDrivers/Src/GPIO.o
 .debug_info    0x0000000000000d9d      0x39d ./myDrivers/Src/RCC.o
 .debug_info    0x000000000000113a      0x5d3 ./myDrivers/Src/USART.o

.debug_abbrev   0x0000000000000000      0x6a3
 .debug_abbrev  0x0000000000000000      0x184 ./Src/USART_Test_main.o
 .debug_abbrev  0x0000000000000184       0x12 ./Startup/startup_stm32f407vgtx.o
 .debug_abbrev  0x0000000000000196      0x10c ./myDrivers/Src/EXTI.o
 .debug_abbrev  0x00000000000002a2      0x12e ./myDrivers/Src/GPIO.o
 .debug_abbrev  0x00000000000003d0       0xf1 ./myDrivers/Src/RCC.o
 .debug_abbrev  0x00000000000004c1      0x1e2 ./myDrivers/Src/USART.o

.debug_aranges  0x0000000000000000      0x180
 .debug_aranges
                0x0000000000000000       0x38 ./Src/USART_Test_main.o
 .debug_aranges
                0x0000000000000038       0x28 ./Startup/startup_stm32f407vgtx.o
 .debug_aranges
                0x0000000000000060       0x30 ./myDrivers/Src/EXTI.o
 .debug_aranges
                0x0000000000000090       0x48 ./myDrivers/Src/GPIO.o
 .debug_aranges
                0x00000000000000d8       0x38 ./myDrivers/Src/RCC.o
 .debug_aranges
                0x0000000000000110       0x70 ./myDrivers/Src/USART.o

.debug_rnglists
                0x0000000000000000      0x10b
 .debug_rnglists
                0x0000000000000000       0x26 ./Src/USART_Test_main.o
 .debug_rnglists
                0x0000000000000026       0x19 ./Startup/startup_stm32f407vgtx.o
 .debug_rnglists
                0x000000000000003f       0x20 ./myDrivers/Src/EXTI.o
 .debug_rnglists
                0x000000000000005f       0x32 ./myDrivers/Src/GPIO.o
 .debug_rnglists
                0x0000000000000091       0x25 ./myDrivers/Src/RCC.o
 .debug_rnglists
                0x00000000000000b6       0x55 ./myDrivers/Src/USART.o

.debug_macro    0x0000000000000000     0x2892
 .debug_macro   0x0000000000000000      0x185 ./Src/USART_Test_main.o
 .debug_macro   0x0000000000000185      0xaa8 ./Src/USART_Test_main.o
 .debug_macro   0x0000000000000c2d       0x22 ./Src/USART_Test_main.o
 .debug_macro   0x0000000000000c4f       0x8e ./Src/USART_Test_main.o
 .debug_macro   0x0000000000000cdd       0x51 ./Src/USART_Test_main.o
 .debug_macro   0x0000000000000d2e      0x103 ./Src/USART_Test_main.o
 .debug_macro   0x0000000000000e31       0x6a ./Src/USART_Test_main.o
 .debug_macro   0x0000000000000e9b      0x1df ./Src/USART_Test_main.o
 .debug_macro   0x000000000000107a       0x61 ./Src/USART_Test_main.o
 .debug_macro   0x00000000000010db       0x24 ./Src/USART_Test_main.o
 .debug_macro   0x00000000000010ff       0x43 ./Src/USART_Test_main.o
 .debug_macro   0x0000000000001142       0x34 ./Src/USART_Test_main.o
 .debug_macro   0x0000000000001176      0x174 ./Src/USART_Test_main.o
 .debug_macro   0x00000000000012ea       0x16 ./Src/USART_Test_main.o
 .debug_macro   0x0000000000001300       0x43 ./Src/USART_Test_main.o
 .debug_macro   0x0000000000001343       0x34 ./Src/USART_Test_main.o
 .debug_macro   0x0000000000001377       0x10 ./Src/USART_Test_main.o
 .debug_macro   0x0000000000001387       0x58 ./Src/USART_Test_main.o
 .debug_macro   0x00000000000013df       0x8e ./Src/USART_Test_main.o
 .debug_macro   0x000000000000146d       0x1c ./Src/USART_Test_main.o
 .debug_macro   0x0000000000001489      0x177 ./Src/USART_Test_main.o
 .debug_macro   0x0000000000001600      0x369 ./Src/USART_Test_main.o
 .debug_macro   0x0000000000001969       0x10 ./Src/USART_Test_main.o
 .debug_macro   0x0000000000001979       0x35 ./Src/USART_Test_main.o
 .debug_macro   0x00000000000019ae       0x20 ./Src/USART_Test_main.o
 .debug_macro   0x00000000000019ce      0x2ec ./Src/USART_Test_main.o
 .debug_macro   0x0000000000001cba       0x5e ./Src/USART_Test_main.o
 .debug_macro   0x0000000000001d18      0x11e ./Src/USART_Test_main.o
 .debug_macro   0x0000000000001e36       0xb8 ./Src/USART_Test_main.o
 .debug_macro   0x0000000000001eee       0x9a ./Src/USART_Test_main.o
 .debug_macro   0x0000000000001f88       0x82 ./Src/USART_Test_main.o
 .debug_macro   0x000000000000200a      0x18f ./myDrivers/Src/EXTI.o
 .debug_macro   0x0000000000002199       0xb2 ./myDrivers/Src/EXTI.o
 .debug_macro   0x000000000000224b      0x18f ./myDrivers/Src/GPIO.o
 .debug_macro   0x00000000000023da      0x118 ./myDrivers/Src/GPIO.o
 .debug_macro   0x00000000000024f2      0x195 ./myDrivers/Src/RCC.o
 .debug_macro   0x0000000000002687      0x18f ./myDrivers/Src/USART.o
 .debug_macro   0x0000000000002816       0x7c ./myDrivers/Src/USART.o

.debug_line     0x0000000000000000     0x2740
 .debug_line    0x0000000000000000      0x698 ./Src/USART_Test_main.o
 .debug_line    0x0000000000000698       0x7b ./Startup/startup_stm32f407vgtx.o
 .debug_line    0x0000000000000713      0x71f ./myDrivers/Src/EXTI.o
 .debug_line    0x0000000000000e32      0x7a9 ./myDrivers/Src/GPIO.o
 .debug_line    0x00000000000015db      0x6cc ./myDrivers/Src/RCC.o
 .debug_line    0x0000000000001ca7      0xa99 ./myDrivers/Src/USART.o

.debug_str      0x0000000000000000     0xa22b
 .debug_str     0x0000000000000000     0x9dcf ./Src/USART_Test_main.o
                                       0x9fff (size before relaxing)
 .debug_str     0x0000000000009dcf       0x2f ./Startup/startup_stm32f407vgtx.o
                                         0x5a (size before relaxing)
 .debug_str     0x0000000000009dfe       0xed ./myDrivers/Src/EXTI.o
                                       0x9d41 (size before relaxing)
 .debug_str     0x0000000000009eeb       0xf7 ./myDrivers/Src/GPIO.o
                                       0x9d14 (size before relaxing)
 .debug_str     0x0000000000009fe2       0xf4 ./myDrivers/Src/RCC.o
                                       0x9d92 (size before relaxing)
 .debug_str     0x000000000000a0d6      0x155 ./myDrivers/Src/USART.o
                                       0x9efa (size before relaxing)

.debug_frame    0x0000000000000000      0x49c
 .debug_frame   0x0000000000000000       0x94 ./Src/USART_Test_main.o
 .debug_frame   0x0000000000000094       0x88 ./myDrivers/Src/EXTI.o
 .debug_frame   0x000000000000011c       0xf8 ./myDrivers/Src/GPIO.o
 .debug_frame   0x0000000000000214       0xa4 ./myDrivers/Src/RCC.o
 .debug_frame   0x00000000000002b8      0x1b8 ./myDrivers/Src/USART.o
 .debug_frame   0x0000000000000470       0x2c C:/ST/STM32CubeIDE_1.14.1/STM32CubeIDE/plugins/com.st.stm32cube.ide.mcu.externaltools.gnu-tools-for-stm32.11.3.rel1.win32_1.1.100.202309141235/tools/bin/../lib/gcc/arm-none-eabi/11.3.1/../../../../arm-none-eabi/lib/thumb/v7e-m/nofp\libc_nano.a(libc_a-init.o)

.debug_line_str
                0x0000000000000000       0x4e
 .debug_line_str
                0x0000000000000000       0x4e ./Startup/startup_stm32f407vgtx.o
                                         0x66 (size before relaxing)
